// Jest Snapshot v1, https://goo.gl/fbAQLP

exports[`unnested simple model actions work as intended 1`] = `
<div>
  <h1>
    0
  </h1>
  <button
    onClick={[Function]}
  >
    down
  </button>
  <button
    onClick={[Function]}
  >
    up
  </button>
  <button
    onClick={[Function]}
  >
    up more
  </button>
  <button
    onClick={[Function]}
  >
    up later
  </button>
</div>
`;

exports[`unnested simple model actions work as intended 2`] = `
<div>
  <h1>
    11
  </h1>
  <button
    onClick={[Function]}
  >
    down
  </button>
  <button
    onClick={[Function]}
  >
    up
  </button>
  <button
    onClick={[Function]}
  >
    up more
  </button>
  <button
    onClick={[Function]}
  >
    up later
  </button>
</div>
`;

exports[`unnested simple model effects work as intended 1`] = `
<div>
  <h1>
    0
  </h1>
  <button
    onClick={[Function]}
  >
    down
  </button>
  <button
    onClick={[Function]}
  >
    up
  </button>
  <button
    onClick={[Function]}
  >
    up more
  </button>
  <button
    onClick={[Function]}
  >
    up later
  </button>
</div>
`;

exports[`unnested simple model effects work as intended 2`] = `
<div>
  <h1>
    1
  </h1>
  <button
    onClick={[Function]}
  >
    down
  </button>
  <button
    onClick={[Function]}
  >
    up
  </button>
  <button
    onClick={[Function]}
  >
    up more
  </button>
  <button
    onClick={[Function]}
  >
    up later
  </button>
</div>
`;
